// Jest Snapshot v1, https://goo.gl/fbAQLP

exports[`Link changes the class when hovered 1`] = `"<nav class=\\"navbar\\" role=\\"navigation\\" aria-label=\\"main navigation\\"><div class=\\"navbar-brand\\"><a role=\\"button\\" class=\\"navbar-burger burger \\" aria-label=\\"menu\\" aria-expanded=\\"false\\"><span aria-hidden=\\"true\\"></span><span aria-hidden=\\"true\\"></span><span aria-hidden=\\"true\\"></span></a></div><div class=\\"navbar-menu \\"><div class=\\"navbar-start\\"><a class=\\"navbar-item\\" href=\\"/\\">Home</a><a class=\\"navbar-item\\" href=\\"/demo\\">Demo</a><a href=\\"/account/signin\\" class=\\"navbar-item\\">Sign In with GitHub</a><a class=\\"navbar-item\\" target=\\"_blank\\" rel=\\"noopener\\" href=\\"https://codegolf.stackexchange.com/questions/173/tips-for-code-golfing-in-c\\">Tips</a></div></div></nav>"`;
